// Jest Snapshot v1, https://goo.gl/fbAQLP

exports[`MealDisplayCard Component renders correctly 1`] = `
<React.Fragment>
  <div
    className="card"
  >
    <div
      className="overlay-container"
    >
      <div
        className="overlay"
      >
        <div
          className="flexbox"
        >
          <span
            className="long_string"
          >
            nice
          </span>
          <span>
            â‚¦
            200
          </span>
        </div>
      </div>
      <img
        alt="Meal"
        className="fluid-img"
        src="nice"
      />
    </div>
    <p
      className="descrip long_string"
    >
      nice
    </p>
  </div>
</React.Fragment>
`;
