// Jest Snapshot v1, https://goo.gl/fbAQLP

exports[`CartContainer Component renders correctly 1`] = `
<div
  className=""
>
  <h3>
    Order Cart
  </h3>
  <div
    className="responsive-table"
  >
    <table
      className="table"
    >
      <thead>
        <tr>
          <th>
            Remove Item
          </th>
          <th>
            Meal Title
          </th>
          <th>
            Price (₦)
          </th>
          <th>
            Quantity
          </th>
          <th>
            Subtotal (₦)
          </th>
        </tr>
      </thead>
      <tbody>
        <mockConstructor
          Meals={
            Array [
              Object {
                "MealOrders": Object {
                  "quantity": 2,
                },
                "id": "abc",
                "price": 1200,
              },
              Object {
                "MealOrders": Object {
                  "quantity": 2,
                },
                "id": "def",
                "price": 2000,
              },
            ]
          }
          User={
            Object {
              "email": "asdf",
              "firstName": "first",
              "lastName": "last",
            }
          }
          addClass=""
          clearCart={[MockFunction]}
          dispatch={[MockFunction]}
          id="order1"
          key="order1"
          mealList={
            Array [
              "abc",
              "def",
            ]
          }
          orderError=""
          orderId=""
          quantity=""
          quantityList={
            Array [
              2,
              2,
            ]
          }
          setQuantity={[Function]}
          userId="userId"
        />
        <mockConstructor
          Meals={
            Array [
              Object {
                "MealOrders": Object {
                  "quantity": 2,
                },
                "id": "abc",
                "price": 1200,
              },
              Object {
                "MealOrders": Object {
                  "quantity": 2,
                },
                "id": "def",
                "price": 2000,
              },
            ]
          }
          User={
            Object {
              "email": "asdf",
              "firstName": "first",
              "lastName": "last",
            }
          }
          addClass=""
          clearCart={[MockFunction]}
          dispatch={[MockFunction]}
          id="order2"
          key="order2"
          mealList={
            Array [
              "abc",
              "def",
            ]
          }
          orderError=""
          orderId=""
          quantity=""
          quantityList={
            Array [
              2,
              2,
            ]
          }
          setQuantity={[Function]}
          userId="userId"
        />
      </tbody>
      <caption>
        <div
          className="row"
        >
          <div
            className="col s3 mr-auto"
          >
            ☰ Your Order
          </div>
          <div
            className="col s2"
          >
             Total 
          </div>
          <div
            className="col s2"
          >
             
            NaN
          </div>
          <div
            className="col s2"
          >
            <button
              className="btn btn-cart"
              onClick={[MockFunction]}
            >
              <p>
                Clear Cart
              </p>
            </button>
          </div>
          <div
            className="col s2"
          >
            <button
              className="btn btn-cart"
              onClick={[Function]}
            >
              <p>
                Place New Order
              </p>
            </button>
          </div>
        </div>
      </caption>
    </table>
  </div>
</div>
`;
