// Jest Snapshot v1, https://goo.gl/fbAQLP

exports[`Login Component renders correctly 1`] = `
<div>
  <h3>
    Welcome 
    Caterer
     
    alias
  </h3>
</div>
`;
