// Jest Snapshot v1, https://goo.gl/fbAQLP

exports[`MealCard2 Component renders correctly 1`] = `
<React.Fragment>
  <div
    className="card"
  >
    <img
      alt="Meal"
      className="fluid-img"
      src="nice"
    />
    <div
      className="title-element flexbox wrap"
    >
      <button
        className="modal-open modal-trigger"
        onClick={[Function]}
      >
        nice
      </button>
      <button
        className="btn title-button icon"
        onClick={[Function]}
      >
        ✔
      </button>
      <button
        className="btn title-button icon"
        onClick={[Function]}
      >
        ✖
      </button>
    </div>
  </div>
  <Modal
    ariaHideApp={true}
    bodyOpenClassName="ReactModal__Body--open"
    className="modal-content"
    closeTimeoutMS={0}
    contentLabel="Input Modal"
    isOpen={false}
    onRequestClose={[Function]}
    parentSelector={[Function]}
    portalClassName="ReactModalPortal"
    shouldCloseOnEsc={true}
    shouldCloseOnOverlayClick={true}
    shouldFocusAfterRender={true}
    shouldReturnFocusAfterClose={true}
  >
    <div
      className="flexbox"
    >
      <h4
        className="shrink"
      >
        Meal Details
      </h4>
      <div
        className="flexbox"
      >
        <button
          className="btn title-button"
          onClick={[Function]}
        >
          ✖
        </button>
      </div>
    </div>
    <div
      className="menu-info"
    >
      <div>
        nice
      </div>
      <div>
        nice
      </div>
      <div>
        ₦
        200
      </div>
    </div>
  </Modal>
</React.Fragment>
`;
