// Jest Snapshot v1, https://goo.gl/fbAQLP

exports[`MealRow Component renders correctly 1`] = `
<React.Fragment>
  <tr
    className="slim"
  >
    <td>
      abc
    </td>
    <td>
      4
    </td>
    <td>
      <input
        maxLength="4"
        onChange={[Function]}
        placeholder="1"
        type="number"
        value={4}
      />
    </td>
    <td>
      16
    </td>
    <td>
      <button
        className="btn btn-cart"
        onClick={[Function]}
      >
        âœ–
      </button>
    </td>
  </tr>
</React.Fragment>
`;
