// Jest Snapshot v1, https://goo.gl/fbAQLP

exports[`MenuContainer Component renders correctly 1`] = `
<div
  className=""
>
  <div
    className="flexbox"
  >
    <h5>
      Menu Editor
    </h5>
    <button
      className="btn title-button"
    >
      âœ–
    </button>
  </div>
  <div
    className="scroll"
  >
    <div
      className="flexbox"
    >
      <span
        className="text_left long_string"
      />
      <button
        className="btn title-button"
        onClick={[Function]}
      >
        Remove
      </button>
    </div>
  </div>
  <div
    className="flexbox"
  >
    <button
      className="btn btn-cart"
      onClick={[Function]}
    >
      Post meals to Menu
    </button>
    <button
      className="btn btn-cart"
      onClick={[MockFunction]}
    >
      Clear Menu
    </button>
  </div>
</div>
`;
