// Jest Snapshot v1, https://goo.gl/fbAQLP

exports[`MyCheckBox Component renders correctly 1`] = `
<React.Fragment>
  <input
    onChange={[Function]}
    type="checkbox"
    value={false}
  />
</React.Fragment>
`;
