// Jest Snapshot v1, https://goo.gl/fbAQLP

exports[`MyInput Component renders correctly 1`] = `
<React.Fragment>
  <input
    max="99999"
    maxLength="50"
    onChange={[Function]}
    placeholder=""
    type="text"
    value=""
  />
  <div
    style={
      Object {
        "color": "red",
        "fontSize": "1rem",
      }
    }
  />
</React.Fragment>
`;
