// Jest Snapshot v1, https://goo.gl/fbAQLP

exports[`Nav Component renders correctly 1`] = `
<div
  className="navbar-fixed"
>
  <nav
    className="flexbox"
  >
    <h3
      className="shrink heading"
    >
      Book A Meal
    </h3>
    <div
      className="flexbox"
    >
      <NavLink
        activeClassName="active"
        aria-current="page"
        className="nav-item long_string"
        to="/dashboard"
      >
        DashBoard
      </NavLink>
      <NavLink
        activeClassName="active"
        aria-current="page"
        className="nav-item"
        to="/meals"
      >
        Meals
      </NavLink>
      <NavLink
        activeClassName="active"
        aria-current="page"
        className="nav-item"
        to="/menu"
      >
        Menu
      </NavLink>
      <Link
        replace={false}
        to="/login"
      >
        Log In
      </Link>
    </div>
  </nav>
</div>
`;
