// Jest Snapshot v1, https://goo.gl/fbAQLP

exports[`PrivateRoute Component renders correctly 1`] = `
<Route
  component={[MockFunction]}
  render={[Function]}
/>
`;
